
> prime-perseverance@0.0.0 build
> vite build

[36mvite v7.3.1 [32mbuilding client environment for production...[36m[39m
transforming...
[32mΓ£ô[39m 4 modules transformed.
node.exe : 
[31mΓ£ù[39m Build 
failed in 377ms
At line:1 char:1
+ & "C:\Program 
Files\nodejs/node.exe" 
"C:\Program 
Files\nodejs/node_mo 
...
+ ~~~~~~~~~~~~~~~~~~~~~
~~~~~~~~~~~~~~~~~~~~~~~
~~~~~~~~~~~~~~~~~~~~~~~
~~
    + CategoryInfo     
         : NotSpecifi  
  ed: ([31mΓ£ù[39m   
  Build failed in 3    
77ms:String) [], R    
emoteException
    + FullyQualifiedEr 
   rorId : NativeComm  
  andError
 
[31merror during 
build:
[31msrc/utils/firebase
Mock.js (4:13): 
Identifier "auth" has 
already been 
declared[31m
file: [36mC:/Users/adm
in/.gemini/antigravity/
playground/tutornote/sr
c/utils/firebaseMock.js
:4:13[31m
[33m
2: // Mock Firebase 
Implementation for 
Frontend-Only Mode
3: 
4: export const auth = 
{
                ^
5:   currentUser: { 
uid: 'mock-user-123', 
displayName: 'Ng╞░ß╗¥i 
d├╣ng mß║½u', email: 
'user@example.com' }
6: };
[31m
    at getRollupError (
file:///C:/Users/admin/
.gemini/antigravity/pla
yground/tutornote/node_
modules/rollup/dist/es/
shared/parseAst.js:402:
41)
    at error (file:///C
:/Users/admin/.gemini/a
ntigravity/playground/t
utornote/node_modules/r
ollup/dist/es/shared/pa
rseAst.js:398:42)
    at Module.error (fi
le:///C:/Users/admin/.g
emini/antigravity/playg
round/tutornote/node_mo
dules/rollup/dist/es/sh
ared/node-entry.js:1704
0:16)
    at ModuleScope.addD
eclaration (file:///C:/
Users/admin/.gemini/ant
igravity/playground/tut
ornote/node_modules/rol
lup/dist/es/shared/node
-entry.js:15047:21)
    at 
Identifier.declare (fil
e:///C:/Users/admin/.ge
mini/antigravity/playgr
ound/tutornote/node_mod
ules/rollup/dist/es/sha
red/node-entry.js:5459:
35)
    at VariableDeclarat
or.declareDeclarator (f
ile:///C:/Users/admin/.
gemini/antigravity/play
ground/tutornote/node_m
odules/rollup/dist/es/s
hared/node-entry.js:155
51:17)
    at VariableDeclarat
ion.initialise (file://
/C:/Users/admin/.gemini
/antigravity/playground
/tutornote/node_modules
/rollup/dist/es/shared/
node-entry.js:15392:24)
    at convertNode (fil
e:///C:/Users/admin/.ge
mini/antigravity/playgr
ound/tutornote/node_mod
ules/rollup/dist/es/sha
red/node-entry.js:16437
:10)
    at Array.exportName
dDeclaration (file:///C
:/Users/admin/.gemini/a
ntigravity/playground/t
utornote/node_modules/r
ollup/dist/es/shared/no
de-entry.js:16036:48)
    at convertNode (fil
e:///C:/Users/admin/.ge
mini/antigravity/playgr
ound/tutornote/node_mod
ules/rollup/dist/es/sha
red/node-entry.js:16436
:28)[39m
